C:/Users/drugm/stm32ai-modelzoo-services/dd2_text_gen_stm32n6v2/text_gen_stm32n6/Middlewares/ST/AI/Npu/ll_aton/ll_aton_NN_interface.h:569:32:LL_Buffer_addr_base	24	static
C:/Users/drugm/stm32ai-modelzoo-services/dd2_text_gen_stm32n6v2/text_gen_stm32n6/Middlewares/ST/AI/Npu/ll_aton/ll_aton_NN_interface.h:579:32:LL_Buffer_addr_start	16	static
C:/Users/drugm/stm32ai-modelzoo-services/dd2_text_gen_stm32n6v2/text_gen_stm32n6/Middlewares/ST/AI/Npu/ll_aton/ll_aton_NN_interface.h:584:32:LL_Buffer_addr_end	16	static
C:/Users/drugm/stm32ai-modelzoo-services/dd2_text_gen_stm32n6v2/text_gen_stm32n6/Middlewares/ST/AI/Npu/ll_aton/ll_aton_NN_interface.h:594:26:LL_Buffer_len	16	static
C:/Users/drugm/stm32ai-modelzoo-services/dd2_text_gen_stm32n6v2/text_gen_stm32n6/Middlewares/ST/AI/Npu/ll_aton/ll_aton_NN_interface.h:599:26:LL_Buffer_bits	16	static
C:/Users/drugm/stm32ai-modelzoo-services/dd2_text_gen_stm32n6v2/text_gen_stm32n6/Middlewares/ST/AI/Npu/ll_aton/ll_aton_debug.c:40:20:LL_ATON_physical_to_virtual	16	static
C:/Users/drugm/stm32ai-modelzoo-services/dd2_text_gen_stm32n6v2/text_gen_stm32n6/Middlewares/ST/AI/Npu/ll_aton/ll_aton_debug.c:45:37:__get_buffer	32	static
C:/Users/drugm/stm32ai-modelzoo-services/dd2_text_gen_stm32n6v2/text_gen_stm32n6/Middlewares/ST/AI/Npu/ll_aton/ll_aton_debug.c:62:13:__set_buffer	32	static
C:/Users/drugm/stm32ai-modelzoo-services/dd2_text_gen_stm32n6v2/text_gen_stm32n6/Middlewares/ST/AI/Npu/ll_aton/ll_aton_debug.c:71:13:__set_all_buffers	16	static
C:/Users/drugm/stm32ai-modelzoo-services/dd2_text_gen_stm32n6v2/text_gen_stm32n6/Middlewares/ST/AI/Npu/ll_aton/ll_aton_debug.c:81:14:Q_to_floating	24	static
C:/Users/drugm/stm32ai-modelzoo-services/dd2_text_gen_stm32n6v2/text_gen_stm32n6/Middlewares/ST/AI/Npu/ll_aton/ll_aton_debug.c:90:13:__dump_buffer_info	88	static
C:/Users/drugm/stm32ai-modelzoo-services/dd2_text_gen_stm32n6v2/text_gen_stm32n6/Middlewares/ST/AI/Npu/ll_aton/ll_aton_debug.c:205:13:__dump_buffer_Qmn_8bit	88	static
C:/Users/drugm/stm32ai-modelzoo-services/dd2_text_gen_stm32n6v2/text_gen_stm32n6/Middlewares/ST/AI/Npu/ll_aton/ll_aton_debug.c:281:13:__dump_buffer_Qmn_16bit	88	static
C:/Users/drugm/stm32ai-modelzoo-services/dd2_text_gen_stm32n6v2/text_gen_stm32n6/Middlewares/ST/AI/Npu/ll_aton/ll_aton_debug.c:364:13:__dump_buffer_Qmn_32bit	88	static
C:/Users/drugm/stm32ai-modelzoo-services/dd2_text_gen_stm32n6v2/text_gen_stm32n6/Middlewares/ST/AI/Npu/ll_aton/ll_aton_debug.c:438:13:__dump_buffer_float	80	static
C:/Users/drugm/stm32ai-modelzoo-services/dd2_text_gen_stm32n6v2/text_gen_stm32n6/Middlewares/ST/AI/Npu/ll_aton/ll_aton_debug.c:499:13:__dump_buffer_raw_Qmn_8bit	56	static
C:/Users/drugm/stm32ai-modelzoo-services/dd2_text_gen_stm32n6v2/text_gen_stm32n6/Middlewares/ST/AI/Npu/ll_aton/ll_aton_debug.c:525:13:__dump_buffer_raw_Qmn_16bit	56	static
C:/Users/drugm/stm32ai-modelzoo-services/dd2_text_gen_stm32n6v2/text_gen_stm32n6/Middlewares/ST/AI/Npu/ll_aton/ll_aton_debug.c:551:13:__dump_buffer_raw_Qmn_32bit	48	static
C:/Users/drugm/stm32ai-modelzoo-services/dd2_text_gen_stm32n6v2/text_gen_stm32n6/Middlewares/ST/AI/Npu/ll_aton/ll_aton_debug.c:576:13:__dump_buffer_raw_16bit	40	static
C:/Users/drugm/stm32ai-modelzoo-services/dd2_text_gen_stm32n6v2/text_gen_stm32n6/Middlewares/ST/AI/Npu/ll_aton/ll_aton_debug.c:597:13:__dump_buffer_raw_32bit	40	static
C:/Users/drugm/stm32ai-modelzoo-services/dd2_text_gen_stm32n6v2/text_gen_stm32n6/Middlewares/ST/AI/Npu/ll_aton/ll_aton_debug.c:620:13:__dump_buffer_raw_8bit	40	static
C:/Users/drugm/stm32ai-modelzoo-services/dd2_text_gen_stm32n6v2/text_gen_stm32n6/Middlewares/ST/AI/Npu/ll_aton/ll_aton_debug.c:640:13:__dump_buffer	24	static
C:/Users/drugm/stm32ai-modelzoo-services/dd2_text_gen_stm32n6v2/text_gen_stm32n6/Middlewares/ST/AI/Npu/ll_aton/ll_aton_debug.c:707:13:__dump_epoch_buffers	24	static
C:/Users/drugm/stm32ai-modelzoo-services/dd2_text_gen_stm32n6v2/text_gen_stm32n6/Middlewares/ST/AI/Npu/ll_aton/ll_aton_debug.c:720:7:get_buffer	32	static
C:/Users/drugm/stm32ai-modelzoo-services/dd2_text_gen_stm32n6v2/text_gen_stm32n6/Middlewares/ST/AI/Npu/ll_aton/ll_aton_debug.c:733:5:get_buffer_info	40	static
C:/Users/drugm/stm32ai-modelzoo-services/dd2_text_gen_stm32n6v2/text_gen_stm32n6/Middlewares/ST/AI/Npu/ll_aton/ll_aton_debug.c:747:6:set_all_buffers	24	static
C:/Users/drugm/stm32ai-modelzoo-services/dd2_text_gen_stm32n6v2/text_gen_stm32n6/Middlewares/ST/AI/Npu/ll_aton/ll_aton_debug.c:757:6:dump_buffer	24	static
C:/Users/drugm/stm32ai-modelzoo-services/dd2_text_gen_stm32n6v2/text_gen_stm32n6/Middlewares/ST/AI/Npu/ll_aton/ll_aton_debug.c:764:6:dump_all_buffers	24	static
C:/Users/drugm/stm32ai-modelzoo-services/dd2_text_gen_stm32n6v2/text_gen_stm32n6/Middlewares/ST/AI/Npu/ll_aton/ll_aton_debug.c:776:6:dump_epoch_buffers	24	static
C:/Users/drugm/stm32ai-modelzoo-services/dd2_text_gen_stm32n6v2/text_gen_stm32n6/Middlewares/ST/AI/Npu/ll_aton/ll_aton_debug.c:785:14:get_params_len	24	static
