C:/Users/drugm/stm32ai-modelzoo-services/dd2_text_gen_stm32n6v2/text_gen_stm32n6/Projects/STM32N6570-DK/Applications/hello_world/cubeIDE/../Drivers/STM32N6xx_HAL_Driver/Inc/stm32n6xx_ll_bus.h:1407:22:LL_AHB4_GRP1_EnableClock	24	static
C:/Users/drugm/stm32ai-modelzoo-services/dd2_text_gen_stm32n6v2/text_gen_stm32n6/Projects/STM32N6570-DK/Applications/hello_world/cubeIDE/../Drivers/STM32N6xx_HAL_Driver/Inc/stm32n6xx_ll_bus.h:2273:22:LL_APB1_GRP1_EnableClock	24	static
C:/Users/drugm/stm32ai-modelzoo-services/dd2_text_gen_stm32n6v2/text_gen_stm32n6/Projects/STM32N6570-DK/Applications/hello_world/cubeIDE/../Drivers/STM32N6xx_HAL_Driver/Inc/stm32n6xx_ll_bus.h:2403:22:LL_APB1_GRP1_DisableClock	16	static
C:/Users/drugm/stm32ai-modelzoo-services/dd2_text_gen_stm32n6v2/text_gen_stm32n6/Projects/STM32N6570-DK/Applications/hello_world/cubeIDE/../Drivers/STM32N6xx_HAL_Driver/Inc/stm32n6xx_ll_bus.h:2465:22:LL_APB1_GRP1_ForceReset	16	static
C:/Users/drugm/stm32ai-modelzoo-services/dd2_text_gen_stm32n6v2/text_gen_stm32n6/Projects/STM32N6570-DK/Applications/hello_world/cubeIDE/../Drivers/STM32N6xx_HAL_Driver/Inc/stm32n6xx_ll_bus.h:2527:22:LL_APB1_GRP1_ReleaseReset	16	static
C:/Users/drugm/stm32ai-modelzoo-services/dd2_text_gen_stm32n6v2/text_gen_stm32n6/Projects/STM32N6570-DK/Applications/hello_world/Drivers/BSP/STM32N6570-DK/stm32n6570_discovery_bus.c:203:9:BSP_I2C1_Init	16	static
C:/Users/drugm/stm32ai-modelzoo-services/dd2_text_gen_stm32n6v2/text_gen_stm32n6/Projects/STM32N6570-DK/Applications/hello_world/Drivers/BSP/STM32N6570-DK/stm32n6570_discovery_bus.c:254:9:BSP_I2C1_DeInit	16	static
C:/Users/drugm/stm32ai-modelzoo-services/dd2_text_gen_stm32n6v2/text_gen_stm32n6/Projects/STM32N6570-DK/Applications/hello_world/Drivers/BSP/STM32N6570-DK/stm32n6570_discovery_bus.c:282:26:MX_I2C1_Init	24	static
C:/Users/drugm/stm32ai-modelzoo-services/dd2_text_gen_stm32n6v2/text_gen_stm32n6/Projects/STM32N6570-DK/Applications/hello_world/Drivers/BSP/STM32N6570-DK/stm32n6570_discovery_bus.c:328:9:BSP_I2C1_WriteReg	40	static
C:/Users/drugm/stm32ai-modelzoo-services/dd2_text_gen_stm32n6v2/text_gen_stm32n6/Projects/STM32N6570-DK/Applications/hello_world/Drivers/BSP/STM32N6570-DK/stm32n6570_discovery_bus.c:365:9:BSP_I2C1_ReadReg	40	static
C:/Users/drugm/stm32ai-modelzoo-services/dd2_text_gen_stm32n6v2/text_gen_stm32n6/Projects/STM32N6570-DK/Applications/hello_world/Drivers/BSP/STM32N6570-DK/stm32n6570_discovery_bus.c:402:9:BSP_I2C1_WriteReg16	40	static
C:/Users/drugm/stm32ai-modelzoo-services/dd2_text_gen_stm32n6v2/text_gen_stm32n6/Projects/STM32N6570-DK/Applications/hello_world/Drivers/BSP/STM32N6570-DK/stm32n6570_discovery_bus.c:439:9:BSP_I2C1_ReadReg16	40	static
C:/Users/drugm/stm32ai-modelzoo-services/dd2_text_gen_stm32n6v2/text_gen_stm32n6/Projects/STM32N6570-DK/Applications/hello_world/Drivers/BSP/STM32N6570-DK/stm32n6570_discovery_bus.c:475:9:BSP_I2C1_IsReady	24	static
C:/Users/drugm/stm32ai-modelzoo-services/dd2_text_gen_stm32n6v2/text_gen_stm32n6/Projects/STM32N6570-DK/Applications/hello_world/Drivers/BSP/STM32N6570-DK/stm32n6570_discovery_bus.c:569:13:I2C1_MspInit	40	static
C:/Users/drugm/stm32ai-modelzoo-services/dd2_text_gen_stm32n6v2/text_gen_stm32n6/Projects/STM32N6570-DK/Applications/hello_world/Drivers/BSP/STM32N6570-DK/stm32n6570_discovery_bus.c:617:13:I2C1_MspDeInit	40	static
C:/Users/drugm/stm32ai-modelzoo-services/dd2_text_gen_stm32n6v2/text_gen_stm32n6/Projects/STM32N6570-DK/Applications/hello_world/Drivers/BSP/STM32N6570-DK/stm32n6570_discovery_bus.c:643:16:I2C1_WriteReg	40	static
C:/Users/drugm/stm32ai-modelzoo-services/dd2_text_gen_stm32n6v2/text_gen_stm32n6/Projects/STM32N6570-DK/Applications/hello_world/Drivers/BSP/STM32N6570-DK/stm32n6570_discovery_bus.c:662:16:I2C1_ReadReg	40	static
C:/Users/drugm/stm32ai-modelzoo-services/dd2_text_gen_stm32n6v2/text_gen_stm32n6/Projects/STM32N6570-DK/Applications/hello_world/Drivers/BSP/STM32N6570-DK/stm32n6570_discovery_bus.c:678:9:BSP_I2C2_Init	16	static
C:/Users/drugm/stm32ai-modelzoo-services/dd2_text_gen_stm32n6v2/text_gen_stm32n6/Projects/STM32N6570-DK/Applications/hello_world/Drivers/BSP/STM32N6570-DK/stm32n6570_discovery_bus.c:729:9:BSP_I2C2_DeInit	16	static
C:/Users/drugm/stm32ai-modelzoo-services/dd2_text_gen_stm32n6v2/text_gen_stm32n6/Projects/STM32N6570-DK/Applications/hello_world/Drivers/BSP/STM32N6570-DK/stm32n6570_discovery_bus.c:757:26:MX_I2C2_Init	24	static
C:/Users/drugm/stm32ai-modelzoo-services/dd2_text_gen_stm32n6v2/text_gen_stm32n6/Projects/STM32N6570-DK/Applications/hello_world/Drivers/BSP/STM32N6570-DK/stm32n6570_discovery_bus.c:803:9:BSP_I2C2_WriteReg	40	static
C:/Users/drugm/stm32ai-modelzoo-services/dd2_text_gen_stm32n6v2/text_gen_stm32n6/Projects/STM32N6570-DK/Applications/hello_world/Drivers/BSP/STM32N6570-DK/stm32n6570_discovery_bus.c:840:9:BSP_I2C2_ReadReg	40	static
C:/Users/drugm/stm32ai-modelzoo-services/dd2_text_gen_stm32n6v2/text_gen_stm32n6/Projects/STM32N6570-DK/Applications/hello_world/Drivers/BSP/STM32N6570-DK/stm32n6570_discovery_bus.c:877:9:BSP_I2C2_WriteReg16	40	static
C:/Users/drugm/stm32ai-modelzoo-services/dd2_text_gen_stm32n6v2/text_gen_stm32n6/Projects/STM32N6570-DK/Applications/hello_world/Drivers/BSP/STM32N6570-DK/stm32n6570_discovery_bus.c:914:9:BSP_I2C2_ReadReg16	40	static
C:/Users/drugm/stm32ai-modelzoo-services/dd2_text_gen_stm32n6v2/text_gen_stm32n6/Projects/STM32N6570-DK/Applications/hello_world/Drivers/BSP/STM32N6570-DK/stm32n6570_discovery_bus.c:950:9:BSP_I2C2_IsReady	24	static
C:/Users/drugm/stm32ai-modelzoo-services/dd2_text_gen_stm32n6v2/text_gen_stm32n6/Projects/STM32N6570-DK/Applications/hello_world/Drivers/BSP/STM32N6570-DK/stm32n6570_discovery_bus.c:972:9:BSP_GetTick	8	static
C:/Users/drugm/stm32ai-modelzoo-services/dd2_text_gen_stm32n6v2/text_gen_stm32n6/Projects/STM32N6570-DK/Applications/hello_world/Drivers/BSP/STM32N6570-DK/stm32n6570_discovery_bus.c:1060:17:I2C_GetTiming	32	static
C:/Users/drugm/stm32ai-modelzoo-services/dd2_text_gen_stm32n6v2/text_gen_stm32n6/Projects/STM32N6570-DK/Applications/hello_world/Drivers/BSP/STM32N6570-DK/stm32n6570_discovery_bus.c:1098:13:I2C_Compute_PRESC_SCLDEL_SDADEL	64	static
C:/Users/drugm/stm32ai-modelzoo-services/dd2_text_gen_stm32n6v2/text_gen_stm32n6/Projects/STM32N6570-DK/Applications/hello_world/Drivers/BSP/STM32N6570-DK/stm32n6570_discovery_bus.c:1183:17:I2C_Compute_SCLL_SCLH	80	static
C:/Users/drugm/stm32ai-modelzoo-services/dd2_text_gen_stm32n6v2/text_gen_stm32n6/Projects/STM32N6570-DK/Applications/hello_world/Drivers/BSP/STM32N6570-DK/stm32n6570_discovery_bus.c:1263:13:I2C2_MspInit	40	static
C:/Users/drugm/stm32ai-modelzoo-services/dd2_text_gen_stm32n6v2/text_gen_stm32n6/Projects/STM32N6570-DK/Applications/hello_world/Drivers/BSP/STM32N6570-DK/stm32n6570_discovery_bus.c:1308:13:I2C2_MspDeInit	40	static
C:/Users/drugm/stm32ai-modelzoo-services/dd2_text_gen_stm32n6v2/text_gen_stm32n6/Projects/STM32N6570-DK/Applications/hello_world/Drivers/BSP/STM32N6570-DK/stm32n6570_discovery_bus.c:1334:16:I2C2_WriteReg	40	static
C:/Users/drugm/stm32ai-modelzoo-services/dd2_text_gen_stm32n6v2/text_gen_stm32n6/Projects/STM32N6570-DK/Applications/hello_world/Drivers/BSP/STM32N6570-DK/stm32n6570_discovery_bus.c:1353:16:I2C2_ReadReg	40	static
