C:/Users/drugm/stm32ai-modelzoo-services/dd2_text_gen_stm32n6v2/text_gen_stm32n6/Projects/STM32N6570-DK/Applications/hello_world/cubeIDE/../Drivers/STM32N6xx_HAL_Driver/Inc/stm32n6xx_ll_bus.h:1407:22:LL_AHB4_GRP1_EnableClock	24	static
C:/Users/drugm/stm32ai-modelzoo-services/dd2_text_gen_stm32n6v2/text_gen_stm32n6/Projects/STM32N6570-DK/Applications/hello_world/cubeIDE/../Drivers/STM32N6xx_HAL_Driver/Inc/stm32n6xx_ll_bus.h:1755:22:LL_AHB5_GRP1_EnableClock	24	static
C:/Users/drugm/stm32ai-modelzoo-services/dd2_text_gen_stm32n6v2/text_gen_stm32n6/Projects/STM32N6570-DK/Applications/hello_world/cubeIDE/../Drivers/STM32N6xx_HAL_Driver/Inc/stm32n6xx_ll_bus.h:1891:22:LL_AHB5_GRP1_DisableClock	16	static
C:/Users/drugm/stm32ai-modelzoo-services/dd2_text_gen_stm32n6v2/text_gen_stm32n6/Projects/STM32N6570-DK/Applications/hello_world/cubeIDE/../Drivers/STM32N6xx_HAL_Driver/Inc/stm32n6xx_ll_bus.h:1945:22:LL_AHB5_GRP1_ForceReset	16	static
C:/Users/drugm/stm32ai-modelzoo-services/dd2_text_gen_stm32n6v2/text_gen_stm32n6/Projects/STM32N6570-DK/Applications/hello_world/cubeIDE/../Drivers/STM32N6xx_HAL_Driver/Inc/stm32n6xx_ll_bus.h:1999:22:LL_AHB5_GRP1_ReleaseReset	16	static
C:/Users/drugm/stm32ai-modelzoo-services/dd2_text_gen_stm32n6v2/text_gen_stm32n6/Projects/STM32N6570-DK/Applications/hello_world/Drivers/BSP/STM32N6570-DK/stm32n6570_discovery_xspi.c:194:9:BSP_XSPI_NOR_Init	96	static,ignoring_inline_asm
C:/Users/drugm/stm32ai-modelzoo-services/dd2_text_gen_stm32n6v2/text_gen_stm32n6/Projects/STM32N6570-DK/Applications/hello_world/Drivers/BSP/STM32N6570-DK/stm32n6570_discovery_xspi.c:276:9:BSP_XSPI_NOR_DeInit	24	static
C:/Users/drugm/stm32ai-modelzoo-services/dd2_text_gen_stm32n6v2/text_gen_stm32n6/Projects/STM32N6570-DK/Applications/hello_world/Drivers/BSP/STM32N6570-DK/stm32n6570_discovery_xspi.c:332:26:MX_XSPI_NOR_Init	16	static
C:/Users/drugm/stm32ai-modelzoo-services/dd2_text_gen_stm32n6v2/text_gen_stm32n6/Projects/STM32N6570-DK/Applications/hello_world/Drivers/BSP/STM32N6570-DK/stm32n6570_discovery_xspi.c:450:9:BSP_XSPI_NOR_Read	40	static
C:/Users/drugm/stm32ai-modelzoo-services/dd2_text_gen_stm32n6v2/text_gen_stm32n6/Projects/STM32N6570-DK/Applications/hello_world/Drivers/BSP/STM32N6570-DK/stm32n6570_discovery_xspi.c:502:9:BSP_XSPI_NOR_Write	64	static
C:/Users/drugm/stm32ai-modelzoo-services/dd2_text_gen_stm32n6v2/text_gen_stm32n6/Projects/STM32N6570-DK/Applications/hello_world/Drivers/BSP/STM32N6570-DK/stm32n6570_discovery_xspi.c:601:9:BSP_XSPI_NOR_Erase_Block	48	static
C:/Users/drugm/stm32ai-modelzoo-services/dd2_text_gen_stm32n6v2/text_gen_stm32n6/Projects/STM32N6570-DK/Applications/hello_world/Drivers/BSP/STM32N6570-DK/stm32n6570_discovery_xspi.c:644:9:BSP_XSPI_NOR_Erase_Chip	32	static
C:/Users/drugm/stm32ai-modelzoo-services/dd2_text_gen_stm32n6v2/text_gen_stm32n6/Projects/STM32N6570-DK/Applications/hello_world/Drivers/BSP/STM32N6570-DK/stm32n6570_discovery_xspi.c:686:9:BSP_XSPI_NOR_GetStatus	32	static
C:/Users/drugm/stm32ai-modelzoo-services/dd2_text_gen_stm32n6v2/text_gen_stm32n6/Projects/STM32N6570-DK/Applications/hello_world/Drivers/BSP/STM32N6570-DK/stm32n6570_discovery_xspi.c:736:9:BSP_XSPI_NOR_GetInfo	24	static
C:/Users/drugm/stm32ai-modelzoo-services/dd2_text_gen_stm32n6v2/text_gen_stm32n6/Projects/STM32N6570-DK/Applications/hello_world/Drivers/BSP/STM32N6570-DK/stm32n6570_discovery_xspi.c:759:9:BSP_XSPI_NOR_EnableMemoryMappedMode	24	static
C:/Users/drugm/stm32ai-modelzoo-services/dd2_text_gen_stm32n6v2/text_gen_stm32n6/Projects/STM32N6570-DK/Applications/hello_world/Drivers/BSP/STM32N6570-DK/stm32n6570_discovery_xspi.c:811:9:BSP_XSPI_NOR_DisableMemoryMappedMode	24	static
C:/Users/drugm/stm32ai-modelzoo-services/dd2_text_gen_stm32n6v2/text_gen_stm32n6/Projects/STM32N6570-DK/Applications/hello_world/Drivers/BSP/STM32N6570-DK/stm32n6570_discovery_xspi.c:847:9:BSP_XSPI_NOR_ReadID	32	static
C:/Users/drugm/stm32ai-modelzoo-services/dd2_text_gen_stm32n6v2/text_gen_stm32n6/Projects/STM32N6570-DK/Applications/hello_world/Drivers/BSP/STM32N6570-DK/stm32n6570_discovery_xspi.c:879:9:BSP_XSPI_NOR_ConfigFlash	24	static
C:/Users/drugm/stm32ai-modelzoo-services/dd2_text_gen_stm32n6v2/text_gen_stm32n6/Projects/STM32N6570-DK/Applications/hello_world/Drivers/BSP/STM32N6570-DK/stm32n6570_discovery_xspi.c:961:9:BSP_XSPI_NOR_SuspendErase	32	static
C:/Users/drugm/stm32ai-modelzoo-services/dd2_text_gen_stm32n6v2/text_gen_stm32n6/Projects/STM32N6570-DK/Applications/hello_world/Drivers/BSP/STM32N6570-DK/stm32n6570_discovery_xspi.c:998:9:BSP_XSPI_NOR_ResumeErase	32	static
C:/Users/drugm/stm32ai-modelzoo-services/dd2_text_gen_stm32n6v2/text_gen_stm32n6/Projects/STM32N6570-DK/Applications/hello_world/Drivers/BSP/STM32N6570-DK/stm32n6570_discovery_xspi.c:1040:9:BSP_XSPI_NOR_EnterDeepPowerDown	32	static
C:/Users/drugm/stm32ai-modelzoo-services/dd2_text_gen_stm32n6v2/text_gen_stm32n6/Projects/STM32N6570-DK/Applications/hello_world/Drivers/BSP/STM32N6570-DK/stm32n6570_discovery_xspi.c:1070:9:BSP_XSPI_NOR_LeaveDeepPowerDown	32	static
C:/Users/drugm/stm32ai-modelzoo-services/dd2_text_gen_stm32n6v2/text_gen_stm32n6/Projects/STM32N6570-DK/Applications/hello_world/Drivers/BSP/STM32N6570-DK/stm32n6570_discovery_xspi.c:1110:9:BSP_XSPI_RAM_Init	40	static
C:/Users/drugm/stm32ai-modelzoo-services/dd2_text_gen_stm32n6v2/text_gen_stm32n6/Projects/STM32N6570-DK/Applications/hello_world/Drivers/BSP/STM32N6570-DK/stm32n6570_discovery_xspi.c:1178:9:BSP_XSPI_RAM_DeInit	24	static
C:/Users/drugm/stm32ai-modelzoo-services/dd2_text_gen_stm32n6v2/text_gen_stm32n6/Projects/STM32N6570-DK/Applications/hello_world/Drivers/BSP/STM32N6570-DK/stm32n6570_discovery_xspi.c:1234:26:MX_XSPI_RAM_Init	24	static
C:/Users/drugm/stm32ai-modelzoo-services/dd2_text_gen_stm32n6v2/text_gen_stm32n6/Projects/STM32N6570-DK/Applications/hello_world/Drivers/BSP/STM32N6570-DK/stm32n6570_discovery_xspi.c:1351:9:BSP_XSPI_RAM_Read	48	static
C:/Users/drugm/stm32ai-modelzoo-services/dd2_text_gen_stm32n6v2/text_gen_stm32n6/Projects/STM32N6570-DK/Applications/hello_world/Drivers/BSP/STM32N6570-DK/stm32n6570_discovery_xspi.c:1380:9:BSP_XSPI_RAM_Write	48	static
C:/Users/drugm/stm32ai-modelzoo-services/dd2_text_gen_stm32n6v2/text_gen_stm32n6/Projects/STM32N6570-DK/Applications/hello_world/Drivers/BSP/STM32N6570-DK/stm32n6570_discovery_xspi.c:1406:9:BSP_XSPI_RAM_EnableMemoryMappedMode	32	static
C:/Users/drugm/stm32ai-modelzoo-services/dd2_text_gen_stm32n6v2/text_gen_stm32n6/Projects/STM32N6570-DK/Applications/hello_world/Drivers/BSP/STM32N6570-DK/stm32n6570_discovery_xspi.c:1433:9:BSP_XSPI_RAM_DisableMemoryMappedMode	24	static
C:/Users/drugm/stm32ai-modelzoo-services/dd2_text_gen_stm32n6v2/text_gen_stm32n6/Projects/STM32N6570-DK/Applications/hello_world/Drivers/BSP/STM32N6570-DK/stm32n6570_discovery_xspi.c:1471:9:BSP_XSPI_RAM_ReadID	24	static
C:/Users/drugm/stm32ai-modelzoo-services/dd2_text_gen_stm32n6v2/text_gen_stm32n6/Projects/STM32N6570-DK/Applications/hello_world/Drivers/BSP/STM32N6570-DK/stm32n6570_discovery_xspi.c:1508:13:XSPI_NOR_MspInit	40	static
C:/Users/drugm/stm32ai-modelzoo-services/dd2_text_gen_stm32n6v2/text_gen_stm32n6/Projects/STM32N6570-DK/Applications/hello_world/Drivers/BSP/STM32N6570-DK/stm32n6570_discovery_xspi.c:1605:13:XSPI_NOR_MspDeInit	16	static
C:/Users/drugm/stm32ai-modelzoo-services/dd2_text_gen_stm32n6v2/text_gen_stm32n6/Projects/STM32N6570-DK/Applications/hello_world/Drivers/BSP/STM32N6570-DK/stm32n6570_discovery_xspi.c:1636:16:XSPI_NOR_ResetMemory	24	static
C:/Users/drugm/stm32ai-modelzoo-services/dd2_text_gen_stm32n6v2/text_gen_stm32n6/Projects/STM32N6570-DK/Applications/hello_world/Drivers/BSP/STM32N6570-DK/stm32n6570_discovery_xspi.c:1694:16:XSPI_NOR_EnterDOPIMode	40	static
C:/Users/drugm/stm32ai-modelzoo-services/dd2_text_gen_stm32n6v2/text_gen_stm32n6/Projects/STM32N6570-DK/Applications/hello_world/Drivers/BSP/STM32N6570-DK/stm32n6570_discovery_xspi.c:1773:16:XSPI_NOR_EnterSOPIMode	40	static
C:/Users/drugm/stm32ai-modelzoo-services/dd2_text_gen_stm32n6v2/text_gen_stm32n6/Projects/STM32N6570-DK/Applications/hello_world/Drivers/BSP/STM32N6570-DK/stm32n6570_discovery_xspi.c:1845:16:XSPI_NOR_ExitOPIMode	40	static
C:/Users/drugm/stm32ai-modelzoo-services/dd2_text_gen_stm32n6v2/text_gen_stm32n6/Projects/STM32N6570-DK/Applications/hello_world/Drivers/BSP/STM32N6570-DK/stm32n6570_discovery_xspi.c:1933:13:XSPI_RAM_MspInit	40	static
C:/Users/drugm/stm32ai-modelzoo-services/dd2_text_gen_stm32n6v2/text_gen_stm32n6/Projects/STM32N6570-DK/Applications/hello_world/Drivers/BSP/STM32N6570-DK/stm32n6570_discovery_xspi.c:2083:13:XSPI_RAM_MspDeInit	16	static
