C:/Users/drugm/stm32ai-modelzoo-services/dd2_text_gen_stm32n6v2/text_gen_stm32n6/Projects/STM32N6570-DK/Applications/hello_world/cubeIDE/../Drivers/CMSIS/Core/Include/pmu_armv8.h:198:22:ARM_PMU_Enable	4	static
C:/Users/drugm/stm32ai-modelzoo-services/dd2_text_gen_stm32n6v2/text_gen_stm32n6/Projects/STM32N6570-DK/Applications/hello_world/cubeIDE/../Drivers/CMSIS/Core/Include/pmu_armv8.h:224:22:ARM_PMU_CYCCNT_Reset	4	static
C:/Users/drugm/stm32ai-modelzoo-services/dd2_text_gen_stm32n6v2/text_gen_stm32n6/Projects/STM32N6570-DK/Applications/hello_world/cubeIDE/../Drivers/CMSIS/Core/Include/pmu_armv8.h:244:22:ARM_PMU_CNTR_Enable	16	static
C:/Users/drugm/stm32ai-modelzoo-services/dd2_text_gen_stm32n6v2/text_gen_stm32n6/Projects/STM32N6570-DK/Applications/hello_world/cubeIDE/../Drivers/CMSIS/Core/Include/pmu_armv8.h:265:26:ARM_PMU_Get_CCNTR	4	static
C:/Users/drugm/stm32ai-modelzoo-services/dd2_text_gen_stm32n6v2/text_gen_stm32n6/Projects/STM32N6570-DK/Applications/hello_world/cubeIDE/../../../../../Middlewares/ST/AI/Npu/ll_aton/ll_aton_NN_interface.h:569:32:LL_Buffer_addr_base	24	static
C:/Users/drugm/stm32ai-modelzoo-services/dd2_text_gen_stm32n6v2/text_gen_stm32n6/Projects/STM32N6570-DK/Applications/hello_world/cubeIDE/../../../../../Middlewares/ST/AI/Npu/ll_aton/ll_aton_NN_interface.h:579:32:LL_Buffer_addr_start	16	static
C:/Users/drugm/stm32ai-modelzoo-services/dd2_text_gen_stm32n6v2/text_gen_stm32n6/Projects/STM32N6570-DK/Applications/hello_world/Src/main.c:39:1:__io_putchar	16	static
C:/Users/drugm/stm32ai-modelzoo-services/dd2_text_gen_stm32n6v2/text_gen_stm32n6/Projects/STM32N6570-DK/Applications/hello_world/Src/main.c:57:6:init_dwt	8	static
C:/Users/drugm/stm32ai-modelzoo-services/dd2_text_gen_stm32n6v2/text_gen_stm32n6/Projects/STM32N6570-DK/Applications/hello_world/Src/main.c:72:6:time_in	8	static
C:/Users/drugm/stm32ai-modelzoo-services/dd2_text_gen_stm32n6v2/text_gen_stm32n6/Projects/STM32N6570-DK/Applications/hello_world/Src/main.c:78:10:time_out	8	static
C:/Users/drugm/stm32ai-modelzoo-services/dd2_text_gen_stm32n6v2/text_gen_stm32n6/Projects/STM32N6570-DK/Applications/hello_world/Src/main.c:84:6:init_external_memories	16	static,ignoring_inline_asm
C:/Users/drugm/stm32ai-modelzoo-services/dd2_text_gen_stm32n6v2/text_gen_stm32n6/Projects/STM32N6570-DK/Applications/hello_world/Src/main.c:117:6:assert_failed	16	static,ignoring_inline_asm
C:/Users/drugm/stm32ai-modelzoo-services/dd2_text_gen_stm32n6v2/text_gen_stm32n6/Projects/STM32N6570-DK/Applications/hello_world/Src/main.c:139:5:main	56	static,ignoring_inline_asm
C:/Users/drugm/stm32ai-modelzoo-services/dd2_text_gen_stm32n6v2/text_gen_stm32n6/Projects/STM32N6570-DK/Applications/hello_world/Src/main.c:285:6:init_text_generation	8	static
C:/Users/drugm/stm32ai-modelzoo-services/dd2_text_gen_stm32n6v2/text_gen_stm32n6/Projects/STM32N6570-DK/Applications/hello_world/Src/main.c:290:6:generate_one_step	16	static
C:/Users/drugm/stm32ai-modelzoo-services/dd2_text_gen_stm32n6v2/text_gen_stm32n6/Projects/STM32N6570-DK/Applications/hello_world/Src/main.c:298:10:softmax_with_temperature	64	static
C:/Users/drugm/stm32ai-modelzoo-services/dd2_text_gen_stm32n6v2/text_gen_stm32n6/Projects/STM32N6570-DK/Applications/hello_world/Src/main.c:339:7:perplexity_softmax_with_temperature	64	static
C:/Users/drugm/stm32ai-modelzoo-services/dd2_text_gen_stm32n6v2/text_gen_stm32n6/Projects/STM32N6570-DK/Applications/hello_world/Src/main.c:377:6:perplexity	64	static,ignoring_inline_asm
