C:/Users/drugm/stm32ai-modelzoo-services/dd2_text_gen_stm32n6v2/text_gen_stm32n6/Projects/STM32N6570-DK/Applications/hello_world/cubeIDE/../Drivers/CMSIS/Core/Include/pmu_armv8.h:198:22:ARM_PMU_Enable	1
C:/Users/drugm/stm32ai-modelzoo-services/dd2_text_gen_stm32n6v2/text_gen_stm32n6/Projects/STM32N6570-DK/Applications/hello_world/cubeIDE/../Drivers/CMSIS/Core/Include/pmu_armv8.h:224:22:ARM_PMU_CYCCNT_Reset	1
C:/Users/drugm/stm32ai-modelzoo-services/dd2_text_gen_stm32n6v2/text_gen_stm32n6/Projects/STM32N6570-DK/Applications/hello_world/cubeIDE/../Drivers/CMSIS/Core/Include/pmu_armv8.h:244:22:ARM_PMU_CNTR_Enable	1
C:/Users/drugm/stm32ai-modelzoo-services/dd2_text_gen_stm32n6v2/text_gen_stm32n6/Projects/STM32N6570-DK/Applications/hello_world/cubeIDE/../Drivers/CMSIS/Core/Include/pmu_armv8.h:265:26:ARM_PMU_Get_CCNTR	1
C:/Users/drugm/stm32ai-modelzoo-services/dd2_text_gen_stm32n6v2/text_gen_stm32n6/Projects/STM32N6570-DK/Applications/hello_world/cubeIDE/../../../../../Middlewares/ST/AI/Npu/ll_aton/ll_aton_NN_interface.h:569:32:LL_Buffer_addr_base	2
C:/Users/drugm/stm32ai-modelzoo-services/dd2_text_gen_stm32n6v2/text_gen_stm32n6/Projects/STM32N6570-DK/Applications/hello_world/cubeIDE/../../../../../Middlewares/ST/AI/Npu/ll_aton/ll_aton_NN_interface.h:579:32:LL_Buffer_addr_start	1
C:/Users/drugm/stm32ai-modelzoo-services/dd2_text_gen_stm32n6v2/text_gen_stm32n6/Projects/STM32N6570-DK/Applications/hello_world/Src/main.c:39:1:__io_putchar	1
C:/Users/drugm/stm32ai-modelzoo-services/dd2_text_gen_stm32n6v2/text_gen_stm32n6/Projects/STM32N6570-DK/Applications/hello_world/Src/main.c:57:6:init_dwt	1
C:/Users/drugm/stm32ai-modelzoo-services/dd2_text_gen_stm32n6v2/text_gen_stm32n6/Projects/STM32N6570-DK/Applications/hello_world/Src/main.c:72:6:time_in	1
C:/Users/drugm/stm32ai-modelzoo-services/dd2_text_gen_stm32n6v2/text_gen_stm32n6/Projects/STM32N6570-DK/Applications/hello_world/Src/main.c:78:10:time_out	1
C:/Users/drugm/stm32ai-modelzoo-services/dd2_text_gen_stm32n6v2/text_gen_stm32n6/Projects/STM32N6570-DK/Applications/hello_world/Src/main.c:84:6:init_external_memories	2
C:/Users/drugm/stm32ai-modelzoo-services/dd2_text_gen_stm32n6v2/text_gen_stm32n6/Projects/STM32N6570-DK/Applications/hello_world/Src/main.c:117:6:assert_failed	1
C:/Users/drugm/stm32ai-modelzoo-services/dd2_text_gen_stm32n6v2/text_gen_stm32n6/Projects/STM32N6570-DK/Applications/hello_world/Src/main.c:139:5:main	4
C:/Users/drugm/stm32ai-modelzoo-services/dd2_text_gen_stm32n6v2/text_gen_stm32n6/Projects/STM32N6570-DK/Applications/hello_world/Src/main.c:285:6:init_text_generation	1
C:/Users/drugm/stm32ai-modelzoo-services/dd2_text_gen_stm32n6v2/text_gen_stm32n6/Projects/STM32N6570-DK/Applications/hello_world/Src/main.c:290:6:generate_one_step	1
C:/Users/drugm/stm32ai-modelzoo-services/dd2_text_gen_stm32n6v2/text_gen_stm32n6/Projects/STM32N6570-DK/Applications/hello_world/Src/main.c:298:10:softmax_with_temperature	6
C:/Users/drugm/stm32ai-modelzoo-services/dd2_text_gen_stm32n6v2/text_gen_stm32n6/Projects/STM32N6570-DK/Applications/hello_world/Src/main.c:339:7:perplexity_softmax_with_temperature	4
C:/Users/drugm/stm32ai-modelzoo-services/dd2_text_gen_stm32n6v2/text_gen_stm32n6/Projects/STM32N6570-DK/Applications/hello_world/Src/main.c:377:6:perplexity	5
