C:/Users/drugm/stm32ai-modelzoo-services/dd2_text_gen_stm32n6v2/text_gen_stm32n6/Projects/STM32N6570-DK/Applications/hello_world/Src/npu_cache.c:23:6:npu_cache_init	8	static
C:/Users/drugm/stm32ai-modelzoo-services/dd2_text_gen_stm32n6v2/text_gen_stm32n6/Projects/STM32N6570-DK/Applications/hello_world/Src/npu_cache.c:29:6:npu_cache_enable	16	static
C:/Users/drugm/stm32ai-modelzoo-services/dd2_text_gen_stm32n6v2/text_gen_stm32n6/Projects/STM32N6570-DK/Applications/hello_world/Src/npu_cache.c:40:6:npu_cache_disable	16	static
C:/Users/drugm/stm32ai-modelzoo-services/dd2_text_gen_stm32n6v2/text_gen_stm32n6/Projects/STM32N6570-DK/Applications/hello_world/Src/npu_cache.c:49:6:npu_cache_invalidate	8	static
C:/Users/drugm/stm32ai-modelzoo-services/dd2_text_gen_stm32n6v2/text_gen_stm32n6/Projects/STM32N6570-DK/Applications/hello_world/Src/npu_cache.c:54:6:npu_cache_clean_range	16	static
C:/Users/drugm/stm32ai-modelzoo-services/dd2_text_gen_stm32n6v2/text_gen_stm32n6/Projects/STM32N6570-DK/Applications/hello_world/Src/npu_cache.c:59:6:npu_cache_clean_invalidate_range	16	static
C:/Users/drugm/stm32ai-modelzoo-services/dd2_text_gen_stm32n6v2/text_gen_stm32n6/Projects/STM32N6570-DK/Applications/hello_world/Src/npu_cache.c:64:6:NPU_CACHE_IRQHandler	4	static,ignoring_inline_asm
