C:/Users/drugm/stm32ai-modelzoo-services/dd2_text_gen_stm32n6v2/text_gen_stm32n6/Projects/STM32N6570-DK/Applications/hello_world/cubeIDE/../Drivers/STM32N6xx_HAL_Driver/Inc/stm32n6xx_ll_usart.h:2998:26:LL_USART_IsActiveFlag_RXNE_RXFNE	16	static
C:/Users/drugm/stm32ai-modelzoo-services/dd2_text_gen_stm32n6v2/text_gen_stm32n6/Projects/STM32N6570-DK/Applications/hello_world/cubeIDE/../Drivers/STM32N6xx_HAL_Driver/Inc/stm32n6xx_ll_usart.h:3009:26:LL_USART_IsActiveFlag_TC	16	static
C:/Users/drugm/stm32ai-modelzoo-services/dd2_text_gen_stm32n6v2/text_gen_stm32n6/Projects/STM32N6570-DK/Applications/hello_world/cubeIDE/../Drivers/STM32N6xx_HAL_Driver/Inc/stm32n6xx_ll_usart.h:3024:26:LL_USART_IsActiveFlag_TXE_TXFNF	16	static
C:/Users/drugm/stm32ai-modelzoo-services/dd2_text_gen_stm32n6v2/text_gen_stm32n6/Projects/STM32N6570-DK/Applications/hello_world/cubeIDE/../Drivers/STM32N6xx_HAL_Driver/Inc/stm32n6xx_ll_usart.h:4252:25:LL_USART_ReceiveData8	16	static
C:/Users/drugm/stm32ai-modelzoo-services/dd2_text_gen_stm32n6v2/text_gen_stm32n6/Projects/STM32N6570-DK/Applications/hello_world/cubeIDE/../Drivers/STM32N6xx_HAL_Driver/Inc/stm32n6xx_ll_usart.h:4275:22:LL_USART_TransmitData8	16	static
C:/Users/drugm/stm32ai-modelzoo-services/dd2_text_gen_stm32n6v2/text_gen_stm32n6/Projects/STM32N6570-DK/Applications/hello_world/Src/uart.c:31:5:uart_write	24	static
C:/Users/drugm/stm32ai-modelzoo-services/dd2_text_gen_stm32n6v2/text_gen_stm32n6/Projects/STM32N6570-DK/Applications/hello_world/Src/uart.c:52:5:uart_read	48	static
