C:/Users/drugm/stm32ai-modelzoo-services/dd2_text_gen_stm32n6v2/text_gen_stm32n6/Projects/STM32N6570-DK/Applications/hello_world/cubeIDE/../Drivers/CMSIS/Core/Include/core_cm55.h:3821:22:__NVIC_SetPriorityGrouping	24	static
C:/Users/drugm/stm32ai-modelzoo-services/dd2_text_gen_stm32n6v2/text_gen_stm32n6/Projects/STM32N6570-DK/Applications/hello_world/cubeIDE/../Drivers/CMSIS/Core/Include/core_cm55.h:3840:26:__NVIC_GetPriorityGrouping	4	static
C:/Users/drugm/stm32ai-modelzoo-services/dd2_text_gen_stm32n6v2/text_gen_stm32n6/Projects/STM32N6570-DK/Applications/hello_world/cubeIDE/../Drivers/CMSIS/Core/Include/core_cm55.h:3852:22:__NVIC_EnableIRQ	16	static,ignoring_inline_asm
C:/Users/drugm/stm32ai-modelzoo-services/dd2_text_gen_stm32n6v2/text_gen_stm32n6/Projects/STM32N6570-DK/Applications/hello_world/cubeIDE/../Drivers/CMSIS/Core/Include/core_cm55.h:3890:22:__NVIC_DisableIRQ	16	static,ignoring_inline_asm
C:/Users/drugm/stm32ai-modelzoo-services/dd2_text_gen_stm32n6v2/text_gen_stm32n6/Projects/STM32N6570-DK/Applications/hello_world/cubeIDE/../Drivers/CMSIS/Core/Include/core_cm55.h:3909:26:__NVIC_GetPendingIRQ	16	static
C:/Users/drugm/stm32ai-modelzoo-services/dd2_text_gen_stm32n6v2/text_gen_stm32n6/Projects/STM32N6570-DK/Applications/hello_world/cubeIDE/../Drivers/CMSIS/Core/Include/core_cm55.h:3928:22:__NVIC_SetPendingIRQ	16	static
C:/Users/drugm/stm32ai-modelzoo-services/dd2_text_gen_stm32n6v2/text_gen_stm32n6/Projects/STM32N6570-DK/Applications/hello_world/cubeIDE/../Drivers/CMSIS/Core/Include/core_cm55.h:3943:22:__NVIC_ClearPendingIRQ	16	static
C:/Users/drugm/stm32ai-modelzoo-services/dd2_text_gen_stm32n6v2/text_gen_stm32n6/Projects/STM32N6570-DK/Applications/hello_world/cubeIDE/../Drivers/CMSIS/Core/Include/core_cm55.h:3960:26:__NVIC_GetActive	16	static
C:/Users/drugm/stm32ai-modelzoo-services/dd2_text_gen_stm32n6v2/text_gen_stm32n6/Projects/STM32N6570-DK/Applications/hello_world/cubeIDE/../Drivers/CMSIS/Core/Include/core_cm55.h:4049:22:__NVIC_SetPriority	16	static
C:/Users/drugm/stm32ai-modelzoo-services/dd2_text_gen_stm32n6v2/text_gen_stm32n6/Projects/STM32N6570-DK/Applications/hello_world/cubeIDE/../Drivers/CMSIS/Core/Include/core_cm55.h:4071:26:__NVIC_GetPriority	16	static
C:/Users/drugm/stm32ai-modelzoo-services/dd2_text_gen_stm32n6v2/text_gen_stm32n6/Projects/STM32N6570-DK/Applications/hello_world/cubeIDE/../Drivers/CMSIS/Core/Include/core_cm55.h:4096:26:NVIC_EncodePriority	40	static
C:/Users/drugm/stm32ai-modelzoo-services/dd2_text_gen_stm32n6v2/text_gen_stm32n6/Projects/STM32N6570-DK/Applications/hello_world/cubeIDE/../Drivers/CMSIS/Core/Include/core_cm55.h:4123:22:NVIC_DecodePriority	40	static
C:/Users/drugm/stm32ai-modelzoo-services/dd2_text_gen_stm32n6v2/text_gen_stm32n6/Projects/STM32N6570-DK/Applications/hello_world/cubeIDE/../Drivers/CMSIS/Core/Include/core_cm55.h:4173:34:__NVIC_SystemReset	4	static,ignoring_inline_asm
C:/Users/drugm/stm32ai-modelzoo-services/dd2_text_gen_stm32n6v2/text_gen_stm32n6/Projects/STM32N6570-DK/Applications/hello_world/cubeIDE/../Drivers/CMSIS/Core/Include/core_cm55.h:4680:26:SysTick_Config	16	static
C:/Users/drugm/stm32ai-modelzoo-services/dd2_text_gen_stm32n6v2/text_gen_stm32n6/Projects/STM32N6570-DK/Applications/hello_world/Drivers/STM32N6xx_HAL_Driver/Src/stm32n6xx_hal_cortex.c:216:6:HAL_NVIC_SetPriorityGrouping	16	static
C:/Users/drugm/stm32ai-modelzoo-services/dd2_text_gen_stm32n6v2/text_gen_stm32n6/Projects/STM32N6570-DK/Applications/hello_world/Drivers/STM32N6xx_HAL_Driver/Src/stm32n6xx_hal_cortex.c:239:6:HAL_NVIC_SetPriority	32	static
C:/Users/drugm/stm32ai-modelzoo-services/dd2_text_gen_stm32n6v2/text_gen_stm32n6/Projects/STM32N6570-DK/Applications/hello_world/Drivers/STM32N6xx_HAL_Driver/Src/stm32n6xx_hal_cortex.c:263:6:HAL_NVIC_EnableIRQ	16	static
C:/Users/drugm/stm32ai-modelzoo-services/dd2_text_gen_stm32n6v2/text_gen_stm32n6/Projects/STM32N6570-DK/Applications/hello_world/Drivers/STM32N6xx_HAL_Driver/Src/stm32n6xx_hal_cortex.c:280:6:HAL_NVIC_DisableIRQ	16	static
C:/Users/drugm/stm32ai-modelzoo-services/dd2_text_gen_stm32n6v2/text_gen_stm32n6/Projects/STM32N6570-DK/Applications/hello_world/Drivers/STM32N6xx_HAL_Driver/Src/stm32n6xx_hal_cortex.c:293:6:HAL_NVIC_SystemReset	8	static
C:/Users/drugm/stm32ai-modelzoo-services/dd2_text_gen_stm32n6v2/text_gen_stm32n6/Projects/STM32N6570-DK/Applications/hello_world/Drivers/STM32N6xx_HAL_Driver/Src/stm32n6xx_hal_cortex.c:306:10:HAL_SYSTICK_Config	16	static
C:/Users/drugm/stm32ai-modelzoo-services/dd2_text_gen_stm32n6v2/text_gen_stm32n6/Projects/STM32N6570-DK/Applications/hello_world/Drivers/STM32N6xx_HAL_Driver/Src/stm32n6xx_hal_cortex.c:334:10:HAL_NVIC_GetPriorityGrouping	8	static
C:/Users/drugm/stm32ai-modelzoo-services/dd2_text_gen_stm32n6v2/text_gen_stm32n6/Projects/STM32N6570-DK/Applications/hello_world/Drivers/STM32N6xx_HAL_Driver/Src/stm32n6xx_hal_cortex.c:362:6:HAL_NVIC_GetPriority	24	static
C:/Users/drugm/stm32ai-modelzoo-services/dd2_text_gen_stm32n6v2/text_gen_stm32n6/Projects/STM32N6570-DK/Applications/hello_world/Drivers/STM32N6xx_HAL_Driver/Src/stm32n6xx_hal_cortex.c:380:6:HAL_NVIC_SetPendingIRQ	16	static
C:/Users/drugm/stm32ai-modelzoo-services/dd2_text_gen_stm32n6v2/text_gen_stm32n6/Projects/STM32N6570-DK/Applications/hello_world/Drivers/STM32N6xx_HAL_Driver/Src/stm32n6xx_hal_cortex.c:399:10:HAL_NVIC_GetPendingIRQ	16	static
C:/Users/drugm/stm32ai-modelzoo-services/dd2_text_gen_stm32n6v2/text_gen_stm32n6/Projects/STM32N6570-DK/Applications/hello_world/Drivers/STM32N6xx_HAL_Driver/Src/stm32n6xx_hal_cortex.c:416:6:HAL_NVIC_ClearPendingIRQ	16	static
C:/Users/drugm/stm32ai-modelzoo-services/dd2_text_gen_stm32n6v2/text_gen_stm32n6/Projects/STM32N6570-DK/Applications/hello_world/Drivers/STM32N6xx_HAL_Driver/Src/stm32n6xx_hal_cortex.c:434:10:HAL_NVIC_GetActive	16	static
C:/Users/drugm/stm32ai-modelzoo-services/dd2_text_gen_stm32n6v2/text_gen_stm32n6/Projects/STM32N6570-DK/Applications/hello_world/Drivers/STM32N6xx_HAL_Driver/Src/stm32n6xx_hal_cortex.c:448:6:HAL_SYSTICK_CLKSourceConfig	16	static
C:/Users/drugm/stm32ai-modelzoo-services/dd2_text_gen_stm32n6v2/text_gen_stm32n6/Projects/STM32N6570-DK/Applications/hello_world/Drivers/STM32N6xx_HAL_Driver/Src/stm32n6xx_hal_cortex.c:460:6:HAL_SYSTICK_IRQHandler	8	static
C:/Users/drugm/stm32ai-modelzoo-services/dd2_text_gen_stm32n6v2/text_gen_stm32n6/Projects/STM32N6570-DK/Applications/hello_world/Drivers/STM32N6xx_HAL_Driver/Src/stm32n6xx_hal_cortex.c:469:13:HAL_SYSTICK_Callback	4	static
C:/Users/drugm/stm32ai-modelzoo-services/dd2_text_gen_stm32n6v2/text_gen_stm32n6/Projects/STM32N6570-DK/Applications/hello_world/Drivers/STM32N6xx_HAL_Driver/Src/stm32n6xx_hal_cortex.c:480:6:HAL_CORTEX_ClearEvent	4	static,ignoring_inline_asm
C:/Users/drugm/stm32ai-modelzoo-services/dd2_text_gen_stm32n6v2/text_gen_stm32n6/Projects/STM32N6570-DK/Applications/hello_world/Drivers/STM32N6xx_HAL_Driver/Src/stm32n6xx_hal_cortex.c:497:6:HAL_MPU_Enable	16	static,ignoring_inline_asm
C:/Users/drugm/stm32ai-modelzoo-services/dd2_text_gen_stm32n6v2/text_gen_stm32n6/Projects/STM32N6570-DK/Applications/hello_world/Drivers/STM32N6xx_HAL_Driver/Src/stm32n6xx_hal_cortex.c:524:6:HAL_MPU_Enable_NS	16	static,ignoring_inline_asm
C:/Users/drugm/stm32ai-modelzoo-services/dd2_text_gen_stm32n6v2/text_gen_stm32n6/Projects/STM32N6570-DK/Applications/hello_world/Drivers/STM32N6xx_HAL_Driver/Src/stm32n6xx_hal_cortex.c:544:6:HAL_MPU_Disable	4	static,ignoring_inline_asm
C:/Users/drugm/stm32ai-modelzoo-services/dd2_text_gen_stm32n6v2/text_gen_stm32n6/Projects/STM32N6570-DK/Applications/hello_world/Drivers/STM32N6xx_HAL_Driver/Src/stm32n6xx_hal_cortex.c:564:6:HAL_MPU_Disable_NS	4	static,ignoring_inline_asm
C:/Users/drugm/stm32ai-modelzoo-services/dd2_text_gen_stm32n6v2/text_gen_stm32n6/Projects/STM32N6570-DK/Applications/hello_world/Drivers/STM32N6xx_HAL_Driver/Src/stm32n6xx_hal_cortex.c:584:6:HAL_MPU_EnableRegion	16	static
C:/Users/drugm/stm32ai-modelzoo-services/dd2_text_gen_stm32n6v2/text_gen_stm32n6/Projects/STM32N6570-DK/Applications/hello_world/Drivers/STM32N6xx_HAL_Driver/Src/stm32n6xx_hal_cortex.c:601:6:HAL_MPU_EnableRegion_NS	16	static
C:/Users/drugm/stm32ai-modelzoo-services/dd2_text_gen_stm32n6v2/text_gen_stm32n6/Projects/STM32N6570-DK/Applications/hello_world/Drivers/STM32N6xx_HAL_Driver/Src/stm32n6xx_hal_cortex.c:617:6:HAL_MPU_DisableRegion	16	static
C:/Users/drugm/stm32ai-modelzoo-services/dd2_text_gen_stm32n6v2/text_gen_stm32n6/Projects/STM32N6570-DK/Applications/hello_world/Drivers/STM32N6xx_HAL_Driver/Src/stm32n6xx_hal_cortex.c:634:6:HAL_MPU_DisableRegion_NS	16	static
C:/Users/drugm/stm32ai-modelzoo-services/dd2_text_gen_stm32n6v2/text_gen_stm32n6/Projects/STM32N6570-DK/Applications/hello_world/Drivers/STM32N6xx_HAL_Driver/Src/stm32n6xx_hal_cortex.c:654:6:HAL_MPU_ConfigRegion	16	static
C:/Users/drugm/stm32ai-modelzoo-services/dd2_text_gen_stm32n6v2/text_gen_stm32n6/Projects/STM32N6570-DK/Applications/hello_world/Drivers/STM32N6xx_HAL_Driver/Src/stm32n6xx_hal_cortex.c:666:6:HAL_MPU_ConfigRegion_NS	16	static
C:/Users/drugm/stm32ai-modelzoo-services/dd2_text_gen_stm32n6v2/text_gen_stm32n6/Projects/STM32N6570-DK/Applications/hello_world/Drivers/STM32N6xx_HAL_Driver/Src/stm32n6xx_hal_cortex.c:678:6:HAL_MPU_ConfigMemoryAttributes	16	static
C:/Users/drugm/stm32ai-modelzoo-services/dd2_text_gen_stm32n6v2/text_gen_stm32n6/Projects/STM32N6570-DK/Applications/hello_world/Drivers/STM32N6xx_HAL_Driver/Src/stm32n6xx_hal_cortex.c:690:6:HAL_MPU_ConfigMemoryAttributes_NS	16	static
C:/Users/drugm/stm32ai-modelzoo-services/dd2_text_gen_stm32n6v2/text_gen_stm32n6/Projects/STM32N6570-DK/Applications/hello_world/Drivers/STM32N6xx_HAL_Driver/Src/stm32n6xx_hal_cortex.c:707:13:MPU_ConfigRegion	16	static
C:/Users/drugm/stm32ai-modelzoo-services/dd2_text_gen_stm32n6v2/text_gen_stm32n6/Projects/STM32N6570-DK/Applications/hello_world/Drivers/STM32N6xx_HAL_Driver/Src/stm32n6xx_hal_cortex.c:735:13:MPU_ConfigMemoryAttributes	32	static
